npx : - Generating browser application bundles (phase: setup)...
At line:1 char:1
+ npx ng build 2>&1 > d:\fsm-app\fsm-frontend\build_output.txt
+ ~~~~~~~~~~~~~~~~~~~~~~~~~~~~~~~~~~~~~~~~~~~~~~~~~~~~~~~~~~~~
    + CategoryInfo          : NotSpecified: (- Generating br...hase: setup)...:String) [], RemoteException
    + FullyQualifiedErrorId : NativeCommandError
 
ΓêÜ Browser application bundle generation complete.
ΓêÜ Browser application bundle generation complete.
- Copying assets...
ΓêÜ Copying assets complete.
- Generating index html...
ΓêÜ Index html generation complete.

[1mInitial chunk files[22m          [2m | [22m[1mNames[22m                                                          [2m | [22m [1mRaw size[22m[2m | [22m[1mEstimated transfer size[22m
[32mmain.97e7a7015ecf7e1f.js[39m     [2m | [22m[2mmain[22m                                                           [2m | [22m[36m708.19 kB[39m[2m | [22m              [36m180.67 kB[39m
[32mstyles.ba10b9084c1789bc.css[39m  [2m | [22m[2mstyles[22m                                                         [2m | [22m [36m52.51 kB[39m[2m | [22m                [36m7.36 kB[39m
[32mpolyfills.06cbf0422dbf6c09.js[39m[2m | [22m[2mpolyfills[22m                                                      [2m | [22m [36m34.92 kB[39m[2m | [22m               [36m11.40 kB[39m
[32mruntime.fc55aa45895277d3.js[39m  [2m | [22m[2mruntime[22m                                                        [2m | [22m  [36m5.54 kB[39m[2m | [22m                [36m2.59 kB[39m

[1m [22m                            [2m | [22m[1mInitial total[22m                                                  [2m | [22m[1m801.15 kB[22m[2m | [22m              [1m202.03 kB[22m

[1mLazy chunk files[22m             [2m | [22m[1mNames[22m                                                          [2m | [22m [1mRaw size[22m[2m | [22m[1mEstimated transfer size[22m
[32m9697.22e5bcccb2fb524a.js[39m     [2m | [22m[2mhome-assets-list-assets-list-module[22m                            [2m | [22m[36m746.74 kB[39m[2m | [22m              [36m203.22 kB[39m
[32m5574.0cc3adafb8ea9215.js[39m     [2m | [22m[2mhome-admin-admin-module[22m                                        [2m | [22m[36m205.36 kB[39m[2m | [22m               [36m61.11 kB[39m
[32m7239.66ee9d9d221185b2.js[39m     [2m | [22m[2mhtml2canvas[22m                                                    [2m | [22m[36m200.25 kB[39m[2m | [22m               [36m37.54 kB[39m
[32m3842.6058436daa93f003.js[39m     [2m | [22m[2mcanvg[22m                                                          [2m | [22m[36m156.59 kB[39m[2m | [22m               [36m44.78 kB[39m
[32m8244.bf430be4c681f229.js[39m     [2m | [22m[2mhome-attendance-detail-attendance-detail-module[22m                [2m | [22m[36m148.54 kB[39m[2m | [22m               [36m37.26 kB[39m
[32m301.f6af12a4029adb09.js[39m      [2m | [22m[2mhome-admin-admin-module[22m                                        [2m | [22m[36m105.33 kB[39m[2m | [22m               [36m22.44 kB[39m
[32mcommon.984c398df7bd9210.js[39m   [2m | [22m[2mcommon[22m                                                         [2m | [22m [36m75.86 kB[39m[2m | [22m               [36m17.14 kB[39m
[32m2885.261dcd0003de09d5.js[39m     [2m | [22m[2m-[22m                                                              [2m | [22m [36m74.69 kB[39m[2m | [22m               [36m14.29 kB[39m
[32m3506.20b4b62976144cd4.js[39m     [2m | [22m[2m-[22m                                                              [2m | [22m [36m55.94 kB[39m[2m | [22m                [36m7.44 kB[39m
[32m9756.56edec68e7d03bee.js[39m     [2m | [22m[2mhome-patrol-active-patrol-active-module[22m                        [2m | [22m [36m48.20 kB[39m[2m | [22m                [36m8.25 kB[39m
[32m5075.8341daf5638ef8d0.js[39m     [2m | [22m[2mhome-home-module[22m                                               [2m | [22m [36m48.07 kB[39m[2m | [22m                [36m9.88 kB[39m
[32m2348.ee7a2ff00c1a1019.js[39m     [2m | [22m[2m-[22m                                                              [2m | [22m [36m47.85 kB[39m[2m | [22m                [36m5.97 kB[39m
[32m7076.83e22e34081427a7.js[39m     [2m | [22m[2m-[22m                                                              [2m | [22m [36m43.80 kB[39m[2m | [22m                [36m7.63 kB[39m
[32m7720.91cf43b175f43f79.js[39m     [2m | [22m[2m-[22m                                                              [2m | [22m [36m42.78 kB[39m[2m | [22m                [36m9.62 kB[39m
[32m9344.d855482c80f79600.js[39m     [2m | [22m[2m-[22m                                                              [2m | [22m [36m42.21 kB[39m[2m | [22m                [36m6.02 kB[39m
[32m441.b50b152d18ae845a.js[39m      [2m | [22m[2m-[22m                                                              [2m | [22m [36m37.94 kB[39m[2m | [22m                [36m9.00 kB[39m
[32m4984.54f2d4820190951c.js[39m     [2m | [22m[2mhome-new-incident-new-incident-module[22m                          [2m | [22m [36m37.33 kB[39m[2m | [22m                [36m8.07 kB[39m
[32m5222.b6a9fc69bd2413cf.js[39m     [2m | [22m[2m-[22m                                                              [2m | [22m [36m35.95 kB[39m[2m | [22m                [36m6.53 kB[39m
[32m4804.9e70c573efb96450.js[39m     [2m | [22m[2mhome-admin-analytics-admin-analytics-module[22m                    [2m | [22m [36m34.18 kB[39m[2m | [22m                [36m8.37 kB[39m
[32m3786.9c8d9bac548cf49a.js[39m     [2m | [22m[2mhome-patrol-logs-patrol-logs-module[22m                            [2m | [22m [36m32.62 kB[39m[2m | [22m                [36m7.29 kB[39m
[32m2560.f0bc1dfb0dbbe591.js[39m     [2m | [22m[2m-[22m                                                              [2m | [22m [36m29.98 kB[39m[2m | [22m                [36m5.77 kB[39m
[32m8477.29cd4b8823733f86.js[39m     [2m | [22m[2m-[22m                                                              [2m | [22m [36m29.60 kB[39m[2m | [22m                [36m5.84 kB[39m
[32m4591.a00d270419045929.js[39m     [2m | [22m[2m-[22m                                                              [2m | [22m [36m28.56 kB[39m[2m | [22m                [36m5.76 kB[39m
[32m1795.7fb690d256d63593.js[39m     [2m | [22m[2mhome-attendance-attendance-module[22m                              [2m | [22m [36m25.31 kB[39m[2m | [22m                [36m5.82 kB[39m
[32m8814.f9964f1d415438d3.js[39m     [2m | [22m[2m-[22m                                                              [2m | [22m [36m25.30 kB[39m[2m | [22m                [36m5.05 kB[39m
[32m2575.5aac2e13addec3fb.js[39m     [2m | [22m[2mhome-onsite-attendance-onsite-attendance-module[22m                [2m | [22m [36m25.06 kB[39m[2m | [22m                [36m5.75 kB[39m
[32m5197.fe72139d14d621db.js[39m     [2m | [22m[2m-[22m                                                              [2m | [22m [36m24.99 kB[39m[2m | [22m                [36m5.28 kB[39m
[32m5619.4dbe8aeafe739eba.js[39m     [2m | [22m[2mhome-incidents-incidents-module[22m                                [2m | [22m [36m24.68 kB[39m[2m | [22m                [36m5.22 kB[39m
[32m6433.0f405ef553225178.js[39m     [2m | [22m[2m-[22m                                                              [2m | [22m [36m24.64 kB[39m[2m | [22m                [36m6.18 kB[39m
[32m2075.a7ac8861b3f9e4d3.js[39m     [2m | [22m[2m-[22m                                                              [2m | [22m [36m24.38 kB[39m[2m | [22m                [36m5.36 kB[39m
[32m8193.5b73c9aa3664eb08.js[39m     [2m | [22m[2m-[22m                                                              [2m | [22m [36m24.20 kB[39m[2m | [22m                [36m4.38 kB[39m
[32m3814.a68a82080f864981.js[39m     [2m | [22m[2m-[22m                                                              [2m | [22m [36m23.68 kB[39m[2m | [22m                [36m4.12 kB[39m
[32m5892.5bbd3e38677dfe02.js[39m     [2m | [22m[2mhome-attendance-list-attendance-list-module[22m                    [2m | [22m [36m23.52 kB[39m[2m | [22m                [36m5.04 kB[39m
[32m627.c8db3abb4561922c.js[39m      [2m | [22m[2mdompurify[22m                                                      [2m | [22m [36m22.61 kB[39m[2m | [22m                [36m7.74 kB[39m
[32m7676.886cdb124751681d.js[39m     [2m | [22m[2m-[22m                                                              [2m | [22m [36m22.50 kB[39m[2m | [22m                [36m4.37 kB[39m
[32m4463.06c06a7195565299.js[39m     [2m | [22m[2m-[22m                                                              [2m | [22m [36m22.10 kB[39m[2m | [22m                [36m3.83 kB[39m
[32m5949.1679574296986874.js[39m     [2m | [22m[2m-[22m                                                              [2m | [22m [36m20.77 kB[39m[2m | [22m                [36m4.18 kB[39m
[32m3460.41e2e380b314ef41.js[39m     [2m | [22m[2mhome-assets-assets-module[22m                                      [2m | [22m [36m20.05 kB[39m[2m | [22m                [36m4.72 kB[39m
[32m4201.618b5159d957eb7f.js[39m     [2m | [22m[2mhome-events-fields-events-fields-module[22m                        [2m | [22m [36m19.96 kB[39m[2m | [22m                [36m5.29 kB[39m
[32m2415.f48ac2fa075ae4e2.js[39m     [2m | [22m[2m-[22m                                                              [2m | [22m [36m19.95 kB[39m[2m | [22m                [36m5.05 kB[39m
[32m8066.ab552f9b12d5d658.js[39m     [2m | [22m[2m-[22m                                                              [2m | [22m [36m19.57 kB[39m[2m | [22m                [36m3.80 kB[39m
[32m2328.949e820d563a5471.js[39m     [2m | [22m[2mhome-incident-detail-incident-detail-module[22m                    [2m | [22m [36m19.56 kB[39m[2m | [22m                [36m4.64 kB[39m
[32m9977.ebbbb34e0b92f205.js[39m     [2m | [22m[2m-[22m                                                              [2m | [22m [36m19.53 kB[39m[2m | [22m                [36m1.96 kB[39m
[32m6086.60a8954e179e23a4.js[39m     [2m | [22m[2mpwa-camera-entry-js[22m                                            [2m | [22m [36m19.33 kB[39m[2m | [22m                [36m5.06 kB[39m
[32m4406.429ff0062b57611d.js[39m     [2m | [22m[2m-[22m                                                              [2m | [22m [36m19.25 kB[39m[2m | [22m                [36m3.43 kB[39m
[32m3291.0129a3470f89d0b1.js[39m     [2m | [22m[2mhome-signup-details-signup-details-module[22m                      [2m | [22m [36m18.97 kB[39m[2m | [22m                [36m3.94 kB[39m
[32m592.afe7ed70ab4903d2.js[39m      [2m | [22m[2mhome-patrol-details-patrol-details-module[22m                      [2m | [22m [36m18.91 kB[39m[2m | [22m                [36m4.76 kB[39m
[32m6961.1a56c4af1d03e6e8.js[39m     [2m | [22m[2mhome-login-login-module[22m                                        [2m | [22m [36m18.12 kB[39m[2m | [22m                [36m4.59 kB[39m
[32m7120.8de65a16d0fd8c9b.js[39m     [2m | [22m[2msightings-sightings-module[22m                                     [2m | [22m [36m18.08 kB[39m[2m | [22m                [36m4.47 kB[39m
[32m3511.46c8dcdb8e87df3f.js[39m     [2m | [22m[2m-[22m                                                              [2m | [22m [36m17.73 kB[39m[2m | [22m                [36m3.18 kB[39m
[32m1193.521c626f76b3abae.js[39m     [2m | [22m[2mhome-onsite-attendance-logs-onsite-attendance-logs-module[22m      [2m | [22m [36m16.75 kB[39m[2m | [22m                [36m4.03 kB[39m
[32m7470.4a7b20a413a0396e.js[39m     [2m | [22m[2mhome-location-location-module[22m                                  [2m | [22m [36m15.05 kB[39m[2m | [22m                [36m3.88 kB[39m
[32m8314.fe36a23bd381f5c3.js[39m     [2m | [22m[2m-[22m                                                              [2m | [22m [36m14.73 kB[39m[2m | [22m                [36m3.08 kB[39m
[32m1673.c1ecae663be61fbc.js[39m     [2m | [22m[2mhome-forest-events-forest-events-module[22m                        [2m | [22m [36m13.87 kB[39m[2m | [22m                [36m3.08 kB[39m
[32m944.b5652f38728d009c.js[39m      [2m | [22m[2m-[22m                                                              [2m | [22m [36m13.63 kB[39m[2m | [22m                [36m4.49 kB[39m
[32m2375.cc75973b76b74302.js[39m     [2m | [22m[2m-[22m                                                              [2m | [22m [36m12.21 kB[39m[2m | [22m                [36m3.13 kB[39m
[32m3162.a85fd071ca953312.js[39m     [2m | [22m[2m-[22m                                                              [2m | [22m [36m12.21 kB[39m[2m | [22m                [36m2.47 kB[39m
[32m5712.043c39b7d437050d.js[39m     [2m | [22m[2m-[22m                                                              [2m | [22m [36m12.05 kB[39m[2m | [22m                [36m3.85 kB[39m
[32m8970.79e629b3fbe86b34.js[39m     [2m | [22m[2m-[22m                                                              [2m | [22m [36m11.70 kB[39m[2m | [22m                [36m4.04 kB[39m
[32m8584.3a6a5dc064c6116d.js[39m     [2m | [22m[2m-[22m                                                              [2m | [22m [36m11.66 kB[39m[2m | [22m                [36m2.38 kB[39m
[32m8662.7178659d65d806cd.js[39m     [2m | [22m[2mhome-admin-settings-admin-settings-module[22m                      [2m | [22m [36m10.88 kB[39m[2m | [22m                [36m3.10 kB[39m
[32m4699.8e929547d194254c.js[39m     [2m | [22m[2mios-transition-js[22m                                              [2m | [22m [36m10.56 kB[39m[2m | [22m                [36m2.71 kB[39m
[32m6840.1e1b0116bcd3199e.js[39m     [2m | [22m[2m-[22m                                                              [2m | [22m [36m10.23 kB[39m[2m | [22m                [36m2.31 kB[39m
[32m8236.10b8bd33ba6ff2c2.js[39m     [2m | [22m[2mhome-sightings-details-sightings-details-module[22m                [2m | [22m [36m10.20 kB[39m[2m | [22m                [36m2.30 kB[39m
[32m7372.364feec34f9e2af5.js[39m     [2m | [22m[2m-[22m                                                              [2m | [22m  [36m9.92 kB[39m[2m | [22m                [36m2.65 kB[39m
[32m1459.e373172be45dbf0c.js[39m     [2m | [22m[2m-[22m                                                              [2m | [22m  [36m9.66 kB[39m[2m | [22m                [36m3.12 kB[39m
[32m30.b67694af5ef4d71e.js[39m       [2m | [22m[2mhome-onsite-attendance-details-onsite-attendance-details-module[22m[2m | [22m  [36m9.29 kB[39m[2m | [22m                [36m2.63 kB[39m
[32m5083.b93729e7372ca868.js[39m     [2m | [22m[2mhome-home-module[22m                                               [2m | [22m  [36m8.88 kB[39m[2m | [22m                [36m3.04 kB[39m
[32m5100.ce39f3f9cb5fe30b.js[39m     [2m | [22m[2m-[22m                                                              [2m | [22m  [36m8.64 kB[39m[2m | [22m                [36m1.45 kB[39m
[32m3247.da008f4bb4f8b4f4.js[39m     [2m | [22m[2mhome-enroll-enroll-module[22m                                      [2m | [22m  [36m8.33 kB[39m[2m | [22m                [36m2.67 kB[39m
[32m6024.28e4e643824e640e.js[39m     [2m | [22m[2m-[22m                                                              [2m | [22m  [36m7.22 kB[39m[2m | [22m                [36m1.33 kB[39m
[32m7428.f9e01211c2597b36.js[39m     [2m | [22m[2m-[22m                                                              [2m | [22m  [36m7.09 kB[39m[2m | [22m                [36m2.15 kB[39m
[32m8805.c1b5d61c22015912.js[39m     [2m | [22m[2m-[22m                                                              [2m | [22m  [36m6.36 kB[39m[2m | [22m                [36m1.59 kB[39m
[32m4171.848c489377cb5739.js[39m     [2m | [22m[2m-[22m                                                              [2m | [22m  [36m6.18 kB[39m[2m | [22m                [36m1.56 kB[39m
[32m7030.4dbc3df9109d7953.js[39m     [2m | [22m[2m-[22m                                                              [2m | [22m  [36m6.05 kB[39m[2m | [22m                [36m2.09 kB[39m
[32m770.747d5481e1d8d80a.js[39m      [2m | [22m[2m-[22m                                                              [2m | [22m  [36m5.76 kB[39m[2m | [22m                [36m1.74 kB[39m
[32m3238.fedaecfa263463cd.js[39m     [2m | [22m[2minput-shims-D6H3ZaWt-js[22m                                        [2m | [22m  [36m5.36 kB[39m[2m | [22m                [36m2.02 kB[39m
[32m4630.fc70d2222800a8c2.js[39m     [2m | [22m[2mios-transition-js[22m                                              [2m | [22m  [36m5.33 kB[39m[2m | [22m                [36m2.10 kB[39m
[32m1102.b3ed4f84f83a75ac.js[39m     [2m | [22m[2m-[22m                                                              [2m | [22m  [36m4.43 kB[39m[2m | [22m                [36m1.60 kB[39m
[32m1049.fd4f35b9364f301f.js[39m     [2m | [22m[2m-[22m                                                              [2m | [22m  [36m4.21 kB[39m[2m | [22m                [36m1.17 kB[39m
[32m5887.d069ecf9684465a4.js[39m     [2m | [22m[2m-[22m                                                              [2m | [22m  [36m3.35 kB[39m[2m | [22m                [36m1.13 kB[39m
[32m964.2263bfef71dc4a9a.js[39m      [2m | [22m[2m-[22m                                                              [2m | [22m  [36m3.17 kB[39m[2m | [22m              [36m964 bytes[39m
[32m9013.9af37ba822c15e42.js[39m     [2m | [22m[2m-[22m                                                              [2m | [22m  [36m2.96 kB[39m[2m | [22m                [36m1.07 kB[39m
[32m6301.74ec663f2b26bc92.js[39m     [2m | [22m[2mpwa-action-sheet-entry-js[22m                                      [2m | [22m  [36m2.77 kB[39m[2m | [22m              [36m854 bytes[39m
[32m323.e475c2a022819671.js[39m      [2m | [22m[2m-[22m                                                              [2m | [22m  [36m2.60 kB[39m[2m | [22m              [36m874 bytes[39m
[32m6521.011582fcca8b158f.js[39m     [2m | [22m[2m-[22m                                                              [2m | [22m  [36m2.23 kB[39m[2m | [22m                [36m1.07 kB[39m
[32m5640.8850cc7602f227fd.js[39m     [2m | [22m[2mpwa-camera-modal-instance-entry-js[22m                             [2m | [22m  [36m1.92 kB[39m[2m | [22m              [36m693 bytes[39m
[32m4183.85f8cff903d9efb9.js[39m     [2m | [22m[2m-[22m                                                              [2m | [22m  [36m1.77 kB[39m[2m | [22m              [36m740 bytes[39m
[32m7927.0618ff63f88b5d2a.js[39m     [2m | [22m[2mindex-ceb5RaMT-js[22m                                              [2m | [22m  [36m1.65 kB[39m[2m | [22m              [36m758 bytes[39m
[32m2982.3a43edadc321d6fd.js[39m     [2m | [22m[2mpwa-camera-modal-entry-js[22m                                      [2m | [22m  [36m1.47 kB[39m[2m | [22m              [36m543 bytes[39m
[32m3574.794173c1ad68228a.js[39m     [2m | [22m[2mpwa-toast-entry-js[22m                                             [2m | [22m  [36m1.42 kB[39m[2m | [22m              [36m580 bytes[39m
[32m7240.94ea2b87c0a43ece.js[39m     [2m | [22m[2m-[22m                                                              [2m | [22m  [36m1.42 kB[39m[2m | [22m              [36m497 bytes[39m
[32m1577.9ac79ce6e1bdb952.js[39m     [2m | [22m[2m-[22m                                                              [2m | [22m  [36m1.11 kB[39m[2m | [22m              [36m621 bytes[39m
[32m2920.e64768295d52e1ae.js[39m     [2m | [22m[2mweb[22m                                                            [2m | [22m  [36m1.09 kB[39m[2m | [22m              [36m433 bytes[39m
[32m7179.2bc3a35374e243f3.js[39m     [2m | [22m[2mmd-transition-js[22m                                               [2m | [22m  [36m1.07 kB[39m[2m | [22m              [36m486 bytes[39m
[32m9073.7a6aea90e30e85f4.js[39m     [2m | [22m[2m-[22m                                                              [2m | [22m[36m589 bytes[39m[2m | [22m              [36m351 bytes[39m
[32m9364.76b603d546858906.js[39m     [2m | [22m[2mstatus-tap-5DQ7Fc4V-js[22m                                         [2m | [22m[36m519 bytes[39m[2m | [22m              [36m328 bytes[39m

Build at: 2026-04-08T09:55:19.701Z - Hash: a9ae2070e9a99023 - Time: 19170ms
[1m[33m
Warning: D:/fsm-app/fsm-frontend/src/app/home/admin/admin.page.scss exceeded maximum budget. Budget 20.00 kB was not 
met by 12.62 kB with a total of 32.62 kB.

Warning: D:\fsm-app\fsm-frontend\node_modules\canvg\lib\index.es.js depends on 'core-js/modules/es.array.index-of.js'. 
CommonJS or AMD dependencies can cause optimization bailouts.
For more info see: https://angular.dev/tools/cli/build#configuring-commonjs-dependencies

Warning: D:\fsm-app\fsm-frontend\node_modules\canvg\lib\index.es.js depends on 'core-js/modules/es.array.iterator.js'. 
CommonJS or AMD dependencies can cause optimization bailouts.
For more info see: https://angular.dev/tools/cli/build#configuring-commonjs-dependencies

Warning: D:\fsm-app\fsm-frontend\node_modules\canvg\lib\index.es.js depends on 'core-js/modules/es.array.reduce.js'. 
CommonJS or AMD dependencies can cause optimization bailouts.
For more info see: https://angular.dev/tools/cli/build#configuring-commonjs-dependencies

Warning: D:\fsm-app\fsm-frontend\node_modules\canvg\lib\index.es.js depends on 'core-js/modules/es.array.reverse.js'. 
CommonJS or AMD dependencies can cause optimization bailouts.
For more info see: https://angular.dev/tools/cli/build#configuring-commonjs-dependencies

Warning: D:\fsm-app\fsm-frontend\node_modules\canvg\lib\index.es.js depends on 'core-js/modules/es.promise.js'. 
CommonJS or AMD dependencies can cause optimization bailouts.
For more info see: https://angular.dev/tools/cli/build#configuring-commonjs-dependencies

Warning: D:\fsm-app\fsm-frontend\node_modules\canvg\lib\index.es.js depends on 
'core-js/modules/es.regexp.to-string.js'. CommonJS or AMD dependencies can cause optimization bailouts.
For more info see: https://angular.dev/tools/cli/build#configuring-commonjs-dependencies

Warning: D:\fsm-app\fsm-frontend\node_modules\canvg\lib\index.es.js depends on 
'core-js/modules/es.string.ends-with.js'. CommonJS or AMD dependencies can cause optimization bailouts.
For more info see: https://angular.dev/tools/cli/build#configuring-commonjs-dependencies

Warning: D:\fsm-app\fsm-frontend\node_modules\canvg\lib\index.es.js depends on 
'core-js/modules/es.string.includes.js'. CommonJS or AMD dependencies can cause optimization bailouts.
For more info see: https://angular.dev/tools/cli/build#configuring-commonjs-dependencies

Warning: D:\fsm-app\fsm-frontend\node_modules\canvg\lib\index.es.js depends on 'core-js/modules/es.string.match.js'. 
CommonJS or AMD dependencies can cause optimization bailouts.
For more info see: https://angular.dev/tools/cli/build#configuring-commonjs-dependencies

Warning: D:\fsm-app\fsm-frontend\node_modules\canvg\lib\index.es.js depends on 'core-js/modules/es.string.replace.js'. 
CommonJS or AMD dependencies can cause optimization bailouts.
For more info see: https://angular.dev/tools/cli/build#configuring-commonjs-dependencies

Warning: D:\fsm-app\fsm-frontend\node_modules\canvg\lib\index.es.js depends on 'core-js/modules/es.string.split.js'. 
CommonJS or AMD dependencies can cause optimization bailouts.
For more info see: https://angular.dev/tools/cli/build#configuring-commonjs-dependencies

Warning: D:\fsm-app\fsm-frontend\node_modules\canvg\lib\index.es.js depends on 
'core-js/modules/es.string.starts-with.js'. CommonJS or AMD dependencies can cause optimization bailouts.
For more info see: https://angular.dev/tools/cli/build#configuring-commonjs-dependencies

Warning: D:\fsm-app\fsm-frontend\node_modules\canvg\lib\index.es.js depends on 'core-js/modules/es.string.trim.js'. 
CommonJS or AMD dependencies can cause optimization bailouts.
For more info see: https://angular.dev/tools/cli/build#configuring-commonjs-dependencies

Warning: D:\fsm-app\fsm-frontend\node_modules\canvg\lib\index.es.js depends on 
'core-js/modules/web.dom-collections.iterator.js'. CommonJS or AMD dependencies can cause optimization bailouts.
For more info see: https://angular.dev/tools/cli/build#configuring-commonjs-dependencies

Warning: D:\fsm-app\fsm-frontend\node_modules\canvg\lib\index.es.js depends on 'raf'. CommonJS or AMD dependencies can 
cause optimization bailouts.
For more info see: https://angular.dev/tools/cli/build#configuring-commonjs-dependencies

Warning: D:\fsm-app\fsm-frontend\node_modules\canvg\lib\index.es.js depends on 'rgbcolor'. CommonJS or AMD 
dependencies can cause optimization bailouts.
For more info see: https://angular.dev/tools/cli/build#configuring-commonjs-dependencies

Warning: D:\fsm-app\fsm-frontend\node_modules\jspdf\dist\jspdf.es.min.js depends on 'html2canvas'. CommonJS or AMD 
dependencies can cause optimization bailouts.
For more info see: https://angular.dev/tools/cli/build#configuring-commonjs-dependencies

[39m[22m
